INFO:     Started server process [54169]
INFO:     Waiting for application startup.
INFO:     Application startup complete.
INFO:     Uvicorn running on http://127.0.0.1:8000 (Press CTRL+C to quit)
INFO:     127.0.0.1:42058 - "GET / HTTP/1.1" 200 OK
--- Logging error ---
Traceback (most recent call last):
  File "/home/jules/.pyenv/versions/3.12.13/lib/python3.12/logging/__init__.py", line 1160, in emit
    msg = self.format(record)
          ^^^^^^^^^^^^^^^^^^^
  File "/home/jules/.pyenv/versions/3.12.13/lib/python3.12/logging/__init__.py", line 999, in format
    return fmt.format(record)
           ^^^^^^^^^^^^^^^^^^
  File "/app/llm_prompt_guard/app/logger.py", line 8, in format
    "timestamp": datetime.now(datetime.UTC).isoformat().replace("+00:00", "Z"),
                              ^^^^^^^^^^^^
AttributeError: type object 'datetime.datetime' has no attribute 'UTC'
Call stack:
  File "/home/jules/.pyenv/versions/3.12.13/bin/uvicorn", line 6, in <module>
    sys.exit(main())
  File "/home/jules/.pyenv/versions/3.12.13/lib/python3.12/site-packages/click/core.py", line 1569, in __call__
    return self.main(*args, **kwargs)
  File "/home/jules/.pyenv/versions/3.12.13/lib/python3.12/site-packages/click/core.py", line 1490, in main
    rv = self.invoke(ctx)
  File "/home/jules/.pyenv/versions/3.12.13/lib/python3.12/site-packages/click/core.py", line 1353, in invoke
    return ctx.invoke(self.callback, **ctx.params)
  File "/home/jules/.pyenv/versions/3.12.13/lib/python3.12/site-packages/click/core.py", line 907, in invoke
    return callback(*args, **kwargs)
  File "/home/jules/.pyenv/versions/3.12.13/lib/python3.12/site-packages/uvicorn/main.py", line 440, in main
    run(
  File "/home/jules/.pyenv/versions/3.12.13/lib/python3.12/site-packages/uvicorn/main.py", line 621, in run
    server.run()
  File "/home/jules/.pyenv/versions/3.12.13/lib/python3.12/site-packages/uvicorn/server.py", line 77, in run
    return asyncio_run(self.serve(sockets=sockets), loop_factory=self.config.get_loop_factory())
  File "/home/jules/.pyenv/versions/3.12.13/lib/python3.12/asyncio/runners.py", line 195, in run
    return runner.run(main)
  File "/home/jules/.pyenv/versions/3.12.13/lib/python3.12/asyncio/runners.py", line 118, in run
    return self._loop.run_until_complete(task)
  File "/home/jules/.pyenv/versions/3.12.13/lib/python3.12/site-packages/uvicorn/protocols/http/httptools_impl.py", line 422, in run_asgi
    result = await app(  # type: ignore[func-returns-value]
  File "/home/jules/.pyenv/versions/3.12.13/lib/python3.12/site-packages/uvicorn/middleware/proxy_headers.py", line 63, in __call__
    return await self.app(scope, receive, send)
  File "/home/jules/.pyenv/versions/3.12.13/lib/python3.12/site-packages/fastapi/applications.py", line 1163, in __call__
    await super().__call__(scope, receive, send)
  File "/home/jules/.pyenv/versions/3.12.13/lib/python3.12/site-packages/starlette/applications.py", line 90, in __call__
    await self.middleware_stack(scope, receive, send)
  File "/home/jules/.pyenv/versions/3.12.13/lib/python3.12/site-packages/starlette/middleware/errors.py", line 164, in __call__
    await self.app(scope, receive, _send)
  File "/home/jules/.pyenv/versions/3.12.13/lib/python3.12/site-packages/starlette/middleware/exceptions.py", line 63, in __call__
    await wrap_app_handling_exceptions(self.app, conn)(scope, receive, send)
  File "/home/jules/.pyenv/versions/3.12.13/lib/python3.12/site-packages/starlette/_exception_handler.py", line 42, in wrapped_app
    await app(scope, receive, sender)
  File "/home/jules/.pyenv/versions/3.12.13/lib/python3.12/site-packages/fastapi/middleware/asyncexitstack.py", line 18, in __call__
    await self.app(scope, receive, send)
  File "/home/jules/.pyenv/versions/3.12.13/lib/python3.12/site-packages/starlette/routing.py", line 660, in __call__
    await self.middleware_stack(scope, receive, send)
  File "/home/jules/.pyenv/versions/3.12.13/lib/python3.12/site-packages/fastapi/routing.py", line 2734, in app
    await route.handle(scope, receive, send)
  File "/home/jules/.pyenv/versions/3.12.13/lib/python3.12/site-packages/fastapi/routing.py", line 1281, in handle
    await super().handle(scope, receive, send)
  File "/home/jules/.pyenv/versions/3.12.13/lib/python3.12/site-packages/starlette/routing.py", line 276, in handle
    await self.app(scope, receive, send)
  File "/home/jules/.pyenv/versions/3.12.13/lib/python3.12/site-packages/fastapi/routing.py", line 158, in app
    await wrap_app_handling_exceptions(app, request)(scope, receive, send)
  File "/home/jules/.pyenv/versions/3.12.13/lib/python3.12/site-packages/starlette/_exception_handler.py", line 42, in wrapped_app
    await app(scope, receive, sender)
  File "/home/jules/.pyenv/versions/3.12.13/lib/python3.12/site-packages/fastapi/routing.py", line 144, in app
    response = await f(request)
  File "/home/jules/.pyenv/versions/3.12.13/lib/python3.12/site-packages/fastapi/routing.py", line 706, in app
    raw_response = await run_endpoint_function(
  File "/home/jules/.pyenv/versions/3.12.13/lib/python3.12/site-packages/fastapi/routing.py", line 352, in run_endpoint_function
    return await dependant.call(**values)
  File "/app/llm_prompt_guard/app/main.py", line 46, in analyze_prompt_api
    logger.warning("Malicious prompt detected", extra={"extra_info": log_data})
Message: 'Malicious prompt detected'
Arguments: ()
INFO:     127.0.0.1:42058 - "POST /api/analyze HTTP/1.1" 200 OK
INFO:     Shutting down
INFO:     Waiting for application shutdown.
INFO:     Application shutdown complete.
INFO:     Finished server process [54169]
